// Jest Snapshot v1, https://goo.gl/fbAQLP

exports[`renders 1`] = `
<div
  className="page page-limited"
>
  <LazyLoader
    aroundLine={7}
    branchLike={
      Object {
        "isMain": false,
        "mergeBranch": "",
        "name": "b",
        "type": "SHORT",
      }
    }
    component="foo"
    highlightedLine={7}
    onLoaded={[Function]}
  />
</div>
`;
