// Jest Snapshot v1, https://goo.gl/fbAQLP

exports[`should render with the message and a link to open the rule 1`] = `
<div
  className="issue-message"
>
  Reduce the number of conditional operators (4) used in the expression
  <Button
    aria-label="issue.rule_details"
    className="button-link issue-rule little-spacer-left"
    onClick={[Function]}
  >
    <EllipsisIcon />
  </Button>
</div>
`;
