// Jest Snapshot v1, https://goo.gl/fbAQLP

exports[`should render correctly 1`] = `
<tr>
  <td
    className="thin nowrap"
  >
    <Connect(Avatar)
      name="One"
      size={36}
    />
  </td>
  <UserListItemIdentity
    user={
      Object {
        "active": true,
        "local": false,
        "login": "obi",
        "name": "One",
        "scmAccounts": Array [],
      }
    }
  />
  <td>
    <UserScmAccounts
      scmAccounts={Array []}
    />
  </td>
  <td>
    <UserGroups
      groups={Array []}
      onUpdateUsers={[MockFunction]}
      user={
        Object {
          "active": true,
          "local": false,
          "login": "obi",
          "name": "One",
          "scmAccounts": Array [],
        }
      }
    />
  </td>
  <td>
    <ButtonIcon
      className="js-user-tokens spacer-left button-small"
      onClick={[Function]}
      tooltip="users.update_tokens"
    >
      <BulletListIcon />
    </ButtonIcon>
  </td>
  <td
    className="thin nowrap text-right"
  >
    <UserActions
      isCurrentUser={false}
      onUpdateUsers={[MockFunction]}
      user={
        Object {
          "active": true,
          "local": false,
          "login": "obi",
          "name": "One",
          "scmAccounts": Array [],
        }
      }
    />
  </td>
</tr>
`;
