// Jest Snapshot v1, https://goo.gl/fbAQLP

exports[`should render 1`] = `
<tr>
  <td
    className="source-viewer-test-status"
  >
    <TestStatusIcon
      status="OK"
    />
  </td>
  <td
    className="source-viewer-test-duration note"
  >
    1ms
  </td>
  <td
    className="source-viewer-test-name"
  >
    <a
      className="js-show-test"
      href="#"
      onClick={[Function]}
    >
      should work
    </a>
  </td>
  <td
    className="source-viewer-test-covered-lines note"
  >
    3
  </td>
</tr>
`;
